# =============================================================================
           ---- MPI RUN ----
Total Number of computing processors = 8
Process Pid : 10755 launched on processor of rank : 1
# =============================================================================


# =============================================================================
           ---- MPI RUN ----
Total Number of computing processors = 8
Process Pid : 10756 launched on processor of rank : 2
# =============================================================================


# =============================================================================
           ---- MPI RUN ----
Total Number of computing processors = 8
Process Pid : 10758 launched on processor of rank : 4
# =============================================================================


# =============================================================================
           ---- MPI RUN ----
Total Number of computing processors = 8
Process Pid : 10759 launched on processor of rank : 5
# =============================================================================


# =============================================================================
           ---- MPI RUN ----
Total Number of computing processors = 8
Process Pid : 10760 launched on processor of rank : 6
# =============================================================================


# =============================================================================
           ---- MPI RUN ----
Total Number of computing processors = 8
Process Pid : 10761 launched on processor of rank : 7
# =============================================================================


# =============================================================================
           ---- MPI RUN ----
Total Number of computing processors = 8
Process Pid : 10757 launched on processor of rank : 3
# =============================================================================


# =============================================================================
           ---- MPI RUN ----
Total Number of computing processors = 8
Process Pid : 10754 launched on processor of rank : 0
# =============================================================================



elsA interface : Message : starting check for <function instance 'f_cfl'>

elsA interface : Message : starting check for <function instance 'f_cfl'>

elsA interface : Message : starting check for <function instance 'f_cfl'>

elsA interface : Message : starting check for <function instance 'f_cfl'>

elsA interface : Message : starting check for <function instance 'f_cfl'>

elsA interface : Message : starting check for <function instance 'f_cfl'>

elsA interface : Message : starting check for <function instance 'f_cfl'>

elsA interface : Message : starting check for <function instance 'f_cfl'>
