[sinteractive] Noeud(s) alloue(s): n070
# =============================================================================
# (IDDN.FR.001.370031.007.S.P.2001.000.10000)
# =============================================================================
# elsA: MPI_Init 
# elsA: Color arg [324274173]
# elsA: MPI Initialize call performed by kernel
# =============================================================================
# (IDDN.FR.001.370031.007.S.P.2001.000.10000)
# =============================================================================
# elsA: MPI_Init 
# elsA: Color arg [324274173]
# elsA: MPI Initialize call performed by kernel
# =============================================================================
# (IDDN.FR.001.370031.007.S.P.2001.000.10000)
# =============================================================================
# elsA: MPI_Init 
# elsA: Color arg [324274173]
# elsA: MPI Initialize call performed by kernel
# =============================================================================
# (IDDN.FR.001.370031.007.S.P.2001.000.10000)
# =============================================================================
# elsA: MPI_Init 
# elsA: Color arg [324274173]
# elsA: MPI Initialize call performed by kernel
# =============================================================================
# (IDDN.FR.001.370031.007.S.P.2001.000.10000)
# =============================================================================
# elsA: MPI_Init 
# elsA: Color arg [324274173]
# elsA: MPI Initialize call performed by kernel
# =============================================================================
# (IDDN.FR.001.370031.007.S.P.2001.000.10000)
# =============================================================================
# elsA: MPI_Init 
# elsA: Color arg [324274173]
# elsA: MPI Initialize call performed by kernel
# =============================================================================
# (IDDN.FR.001.370031.007.S.P.2001.000.10000)
# =============================================================================
# elsA: MPI_Init 
# elsA: Color arg [324274173]
# elsA: MPI Initialize call performed by kernel
# =============================================================================
# (IDDN.FR.001.370031.007.S.P.2001.000.10000)
# =============================================================================
# elsA: MPI_Init 
# elsA: Color arg [324274173]
# elsA: MPI Initialize call performed by kernel
# elsA: MPI comm: color generated
# elsA: MPI comm: color generated
# elsA: MPI comm: color generated
# elsA: MPI comm: color generated
# elsA: MPI comm: color generated
# elsA: MPI comm: color generated
# elsA: MPI comm: color generated
# elsA: MPI comm: color generated
elsA MPI run
Number of computing processors : 8
Look at log file named : elsA_MPI_Pid_1853_N_0 (written by processor of MPI rank 0)
No logfiles written by processors with MPI rank different from 0
(reset environment variable ELSA_MPI_LOG_FILES (=ON) to switch on MPI logfiles)
Consider using environment variable ELSA_MPI_LOG_FILES_ID to identify elsA log file(s) with a specific tag (replacing Pid number)
(see also ELSA_MPI_LOG_FILES_PREFIX and ELSA_MPI_LOG_FILES_FILL).
# =============================================================================
# elsA v5.0.03 - Property of ONERA-Safran 
           ---- MPI RUN ----
Processor name : spiro-n070-clu
Total Number of computing processors = 8
Process Pid : 1854 launched on processor of rank : 1 (processor name : spiro-n070-clu)
# =============================================================================


# =============================================================================
# elsA v5.0.03 - Property of ONERA-Safran 
           ---- MPI RUN ----
Processor name : spiro-n070-clu
Total Number of computing processors = 8
Process Pid : 1857 launched on processor of rank : 4 (processor name : spiro-n070-clu)
# =============================================================================


# =============================================================================
# elsA v5.0.03 - Property of ONERA-Safran 
           ---- MPI RUN ----
Processor name : spiro-n070-clu
Total Number of computing processors = 8
Process Pid : 1858 launched on processor of rank : 5 (processor name : spiro-n070-clu)
# =============================================================================


# =============================================================================
# elsA v5.0.03 - Property of ONERA-Safran 
           ---- MPI RUN ----
Processor name : spiro-n070-clu
Total Number of computing processors = 8
Process Pid : 1859 launched on processor of rank : 6 (processor name : spiro-n070-clu)
# =============================================================================


# =============================================================================
# elsA v5.0.03 - Property of ONERA-Safran 
           ---- MPI RUN ----
Processor name : spiro-n070-clu
Total Number of computing processors = 8
Process Pid : 1860 launched on processor of rank : 7 (processor name : spiro-n070-clu)
# =============================================================================


# =============================================================================
# =============================================================================
# elsA v5.0.03 - Property of ONERA-Safran 
           ---- MPI RUN ----
Processor name : spiro-n070-clu
Total Number of computing processors = 8
Process Pid : 1855 launched on processor of rank : 2 (processor name : spiro-n070-clu)
# =============================================================================


# =============================================================================
# =============================================================================
# elsA v5.0.03 - Property of ONERA-Safran 
           ---- MPI RUN ----
Processor name : spiro-n070-clu
Total Number of computing processors = 8
Process Pid : 1856 launched on processor of rank : 3 (processor name : spiro-n070-clu)
# =============================================================================


# =============================================================================
# =============================================================================
# =============================================================================
# =============================================================================
# =============================================================================
# elsA Installation [/stck/elsa/Public/core/Dist/bin/core]
# elsA Fingerprint  [4624-1683-2F10-60C2]
# elsA Installation [/stck/elsa/Public/core/Dist/bin/core]
# elsA Fingerprint  [4624-1683-2F10-60C2]
# elsA Installation [/stck/elsa/Public/core/Dist/bin/core]
# elsA Fingerprint  [4624-1683-2F10-60C2]
# elsA Installation [/stck/elsa/Public/core/Dist/bin/core]
# elsA Fingerprint  [4624-1683-2F10-60C2]
# elsA Expiry date  [2022-02-15]
# elsA Feature key  [A00000]
# =============================================================================
# elsA Installation [/stck/elsa/Public/core/Dist/bin/core]
# elsA Installation [/stck/elsa/Public/core/Dist/bin/core]
# elsA Fingerprint  [4624-1683-2F10-60C2]
# elsA Expiry date  [2022-02-15]
# elsA Feature key  [A00000]
# =============================================================================
# elsA Expiry date  [2022-02-15]
# elsA Feature key  [A00000]
# =============================================================================
# elsA Fingerprint  [4624-1683-2F10-60C2]

# elsA Installation [/stck/elsa/Public/core/Dist/bin/core]
# elsA Fingerprint  [4624-1683-2F10-60C2]


# elsA Expiry date  [2022-02-15]
# elsA Feature key  [A00000]
# =============================================================================
# elsA Expiry date  [2022-02-15]
# elsA Feature key  [A00000]
# =============================================================================

# elsA Expiry date  [2022-02-15]
# elsA Feature key  [A00000]
# =============================================================================

# elsA Expiry date  [2022-02-15]
# elsA Feature key  [A00000]
# =============================================================================


# =============================================================================
# elsA v5.0.03 - Property of ONERA-Safran 
           ---- MPI RUN ----
Processor name : spiro-n070-clu
Total Number of computing processors = 8
Process Pid : 1853 launched on processor of rank : 0 (processor name : spiro-n070-clu)
# =============================================================================


# Production: x86_64 - default - 2021-07-29 15:46:32
# +-----------------------------------+
# | Additional Modules:               |
# +-----------------------------------+
# | Module Ael   : Aeroelasticity     |
# | Module Lur   : Linearized URANS   |
# | Module Opt   : Shape Optimization |
# | Module Aoc   : Ael/Opt coupling   |
# +-----------------------------------+
#
# Size of Float   : 8 Bytes
# Size of Integer : 4 Bytes
#
# =============================================================================
# elsA Installation [/stck/elsa/Public/core/Dist/bin/core]
# elsA Fingerprint  [4624-1683-2F10-60C2]
# elsA Expiry date  [2022-02-15]
# elsA Feature key  [A00000]
# =============================================================================

