# =============================================================================
           ---- MPI RUN ----
Total Number of computing processors = 24
Process Pid : 13848 launched on processor of rank : 1
# =============================================================================


# =============================================================================
           ---- MPI RUN ----
Total Number of computing processors = 24
Process Pid : 13849 launched on processor of rank : 2
# =============================================================================


# =============================================================================
           ---- MPI RUN ----
Total Number of computing processors = 24
Process Pid : 13850 launched on processor of rank : 3
# =============================================================================


# =============================================================================
           ---- MPI RUN ----
Total Number of computing processors = 24
Process Pid : 13851 launched on processor of rank : 4
# =============================================================================


# =============================================================================
           ---- MPI RUN ----
Total Number of computing processors = 24
Process Pid : 13852 launched on processor of rank : 5
# =============================================================================


# =============================================================================
           ---- MPI RUN ----
Total Number of computing processors = 24
Process Pid : 13853 launched on processor of rank : 6
# =============================================================================


# =============================================================================
           ---- MPI RUN ----
Total Number of computing processors = 24
Process Pid : 13854 launched on processor of rank : 7
# =============================================================================


# =============================================================================
           ---- MPI RUN ----
Total Number of computing processors = 24
Process Pid : 13855 launched on processor of rank : 8
# =============================================================================


# =============================================================================
           ---- MPI RUN ----
Total Number of computing processors = 24
Process Pid : 13856 launched on processor of rank : 9
# =============================================================================


# =============================================================================
           ---- MPI RUN ----
Total Number of computing processors = 24
Process Pid : 13857 launched on processor of rank : 10
# =============================================================================


# =============================================================================
           ---- MPI RUN ----
Total Number of computing processors = 24
Process Pid : 13858 launched on processor of rank : 11
# =============================================================================


# =============================================================================
           ---- MPI RUN ----
Total Number of computing processors = 24
Process Pid : 13859 launched on processor of rank : 12
# =============================================================================


# =============================================================================
           ---- MPI RUN ----
Total Number of computing processors = 24
Process Pid : 13860 launched on processor of rank : 13
# =============================================================================


# =============================================================================
           ---- MPI RUN ----
Total Number of computing processors = 24
Process Pid : 13861 launched on processor of rank : 14
# =============================================================================


# =============================================================================
           ---- MPI RUN ----
Total Number of computing processors = 24
Process Pid : 13862 launched on processor of rank : 15
# =============================================================================


# =============================================================================
           ---- MPI RUN ----
Total Number of computing processors = 24
Process Pid : 13863 launched on processor of rank : 16
# =============================================================================


# =============================================================================
           ---- MPI RUN ----
Total Number of computing processors = 24
Process Pid : 13864 launched on processor of rank : 17
# =============================================================================


# =============================================================================
           ---- MPI RUN ----
Total Number of computing processors = 24
Process Pid : 13865 launched on processor of rank : 18
# =============================================================================


# =============================================================================
           ---- MPI RUN ----
Total Number of computing processors = 24
Process Pid : 13866 launched on processor of rank : 19
# =============================================================================


# =============================================================================
           ---- MPI RUN ----
Total Number of computing processors = 24
Process Pid : 13867 launched on processor of rank : 20
# =============================================================================


# =============================================================================
           ---- MPI RUN ----
Total Number of computing processors = 24
Process Pid : 13868 launched on processor of rank : 21
# =============================================================================


# =============================================================================
           ---- MPI RUN ----
Total Number of computing processors = 24
Process Pid : 13869 launched on processor of rank : 22
# =============================================================================


# =============================================================================
           ---- MPI RUN ----
Total Number of computing processors = 24
Process Pid : 13870 launched on processor of rank : 23
# =============================================================================


# =============================================================================
           ---- MPI RUN ----
Total Number of computing processors = 24
Process Pid : 13847 launched on processor of rank : 0
# =============================================================================



elsA interface : Message : starting check for <function instance 'f_cfl'>

elsA interface : Message : starting check for <function instance 'f_cfl'>

elsA interface : Message : starting check for <function instance 'f_cfl'>

elsA interface : Message : starting check for <function instance 'f_cfl'>

elsA interface : Message : starting check for <function instance 'f_cfl'>

elsA interface : Message : starting check for <function instance 'f_cfl'>

elsA interface : Message : starting check for <function instance 'f_cfl'>

elsA interface : Message : starting check for <function instance 'f_cfl'>

elsA interface : Message : starting check for <function instance 'f_cfl'>

elsA interface : Message : starting check for <function instance 'f_cfl'>

elsA interface : Message : starting check for <function instance 'f_cfl'>

elsA interface : Message : starting check for <function instance 'f_cfl'>

elsA interface : Message : starting check for <function instance 'f_cfl'>

elsA interface : Message : starting check for <function instance 'f_cfl'>

elsA interface : Message : starting check for <function instance 'f_cfl'>

elsA interface : Message : starting check for <function instance 'f_cfl'>

elsA interface : Message : starting check for <function instance 'f_cfl'>

elsA interface : Message : starting check for <function instance 'f_cfl'>

elsA interface : Message : starting check for <function instance 'f_cfl'>

elsA interface : Message : starting check for <function instance 'f_cfl'>

elsA interface : Message : starting check for <function instance 'f_cfl'>

elsA interface : Message : starting check for <function instance 'f_cfl'>

elsA interface : Message : starting check for <function instance 'f_cfl'>

elsA interface : Message : starting check for <function instance 'f_cfl'>
